\BOOKMARK [1][-]{section*.1}{\376\377\000A\000b\000s\000t\000r\000a\000c\000t}{}% 1
\BOOKMARK [1][-]{section.1}{\376\377\0001\000\040\000I\000n\000t\000r\000o\000d\000u\000c\000t\000i\000o\000n}{}% 2
\BOOKMARK [1][-]{section.2}{\376\377\0002\000\040\000M\000o\000t\000i\000v\000a\000t\000i\000o\000n}{}% 3
\BOOKMARK [1][-]{section.3}{\376\377\0003\000\040\000C\000o\000n\000t\000r\000i\000b\000u\000t\000i\000o\000n\000s}{}% 4
\BOOKMARK [1][-]{section.4}{\376\377\0004\000\040\000P\000a\000p\000e\000r\000\040\000S\000t\000r\000u\000c\000t\000u\000r\000e}{}% 5
\BOOKMARK [1][-]{section.5}{\376\377\0005\000\040\000R\000e\000l\000a\000t\000e\000d\000\040\000W\000o\000r\000k}{}% 6
\BOOKMARK [2][-]{subsection.5.1}{\376\377\0005\000.\0001\000\040\000S\000u\000p\000p\000l\000y\000-\000C\000h\000a\000i\000n\000\040\000A\000t\000t\000a\000c\000k\000s\000\040\000o\000n\000\040\000P\000a\000c\000k\000a\000g\000e\000\040\000R\000e\000g\000i\000s\000t\000r\000i\000e\000s}{section.5}% 7
\BOOKMARK [2][-]{subsection.5.2}{\376\377\0005\000.\0002\000\040\000L\000L\000M\000s\000\040\000f\000o\000r\000\040\000M\000a\000l\000i\000c\000i\000o\000u\000s\000-\000C\000o\000d\000e\000\040\000D\000e\000t\000e\000c\000t\000i\000o\000n}{section.5}% 8
\BOOKMARK [2][-]{subsection.5.3}{\376\377\0005\000.\0003\000\040\000R\000e\000t\000r\000i\000e\000v\000a\000l\000\040\000a\000n\000d\000\040\000R\000e\000t\000r\000i\000e\000v\000a\000l\000-\000A\000u\000g\000m\000e\000n\000t\000e\000d\000\040\000G\000e\000n\000e\000r\000a\000t\000i\000o\000n}{section.5}% 9
\BOOKMARK [2][-]{subsection.5.4}{\376\377\0005\000.\0004\000\040\000S\000u\000m\000m\000a\000r\000y}{section.5}% 10
\BOOKMARK [1][-]{section.6}{\376\377\0006\000\040\000M\000e\000t\000h\000o\000d\000o\000l\000o\000g\000y}{}% 11
\BOOKMARK [2][-]{subsection.6.1}{\376\377\0006\000.\0001\000\040\000O\000v\000e\000r\000v\000i\000e\000w}{section.6}% 12
\BOOKMARK [2][-]{subsection.6.2}{\376\377\0006\000.\0002\000\040\000D\000a\000t\000a\000s\000e\000t}{section.6}% 13
\BOOKMARK [2][-]{subsection.6.3}{\376\377\0006\000.\0003\000\040\000R\000e\000t\000r\000i\000e\000v\000a\000l\000\040\000S\000t\000r\000a\000t\000e\000g\000i\000e\000s}{section.6}% 14
\BOOKMARK [2][-]{subsection.6.4}{\376\377\0006\000.\0004\000\040\000L\000L\000M\000\040\000C\000o\000n\000f\000i\000g\000u\000r\000a\000t\000i\000o\000n\000\040\000a\000n\000d\000\040\000P\000r\000o\000m\000p\000t\000i\000n\000g}{section.6}% 15
\BOOKMARK [2][-]{subsection.6.5}{\376\377\0006\000.\0005\000\040\000E\000v\000a\000l\000u\000a\000t\000i\000o\000n\000\040\000M\000e\000t\000r\000i\000c\000s}{section.6}% 16
\BOOKMARK [2][-]{subsection.6.6}{\376\377\0006\000.\0006\000\040\000I\000m\000p\000l\000e\000m\000e\000n\000t\000a\000t\000i\000o\000n\000\040\000a\000n\000d\000\040\000R\000e\000p\000r\000o\000d\000u\000c\000i\000b\000i\000l\000i\000t\000y}{section.6}% 17
\BOOKMARK [1][-]{section.7}{\376\377\0007\000\040\000R\000e\000s\000u\000l\000t\000s}{}% 18
\BOOKMARK [2][-]{subsection.7.1}{\376\377\0007\000.\0001\000\040\000E\000x\000p\000e\000r\000i\000m\000e\000n\000t\000a\000l\000\040\000S\000e\000t\000u\000p}{section.7}% 19
\BOOKMARK [2][-]{subsection.7.2}{\376\377\0007\000.\0002\000\040\000M\000a\000i\000n\000\040\000R\000e\000s\000u\000l\000t\000s}{section.7}% 20
\BOOKMARK [2][-]{subsection.7.3}{\376\377\0007\000.\0003\000\040\000F\000a\000i\000t\000h\000f\000u\000l\000n\000e\000s\000s\000\040\000o\000f\000\040\000E\000x\000p\000l\000a\000n\000a\000t\000i\000o\000n\000s}{section.7}% 21
\BOOKMARK [2][-]{subsection.7.4}{\376\377\0007\000.\0004\000\040\000E\000r\000r\000o\000r\000\040\000A\000n\000a\000l\000y\000s\000i\000s}{section.7}% 22
\BOOKMARK [1][-]{section.8}{\376\377\0008\000\040\000D\000i\000s\000c\000u\000s\000s\000i\000o\000n}{}% 23
\BOOKMARK [2][-]{subsection.8.1}{\376\377\0008\000.\0001\000\040\000I\000n\000t\000e\000r\000p\000r\000e\000t\000a\000t\000i\000o\000n\000\040\000o\000f\000\040\000R\000e\000s\000u\000l\000t\000s}{section.8}% 24
\BOOKMARK [2][-]{subsection.8.2}{\376\377\0008\000.\0002\000\040\000L\000i\000m\000i\000t\000a\000t\000i\000o\000n\000s}{section.8}% 25
\BOOKMARK [2][-]{subsection.8.3}{\376\377\0008\000.\0003\000\040\000T\000h\000r\000e\000a\000t\000s\000\040\000t\000o\000\040\000V\000a\000l\000i\000d\000i\000t\000y}{section.8}% 26
\BOOKMARK [2][-]{subsection.8.4}{\376\377\0008\000.\0004\000\040\000F\000u\000t\000u\000r\000e\000\040\000W\000o\000r\000k}{section.8}% 27
\BOOKMARK [2][-]{subsection.8.5}{\376\377\0008\000.\0005\000\040\000D\000a\000t\000a\000\040\000a\000n\000d\000\040\000C\000o\000d\000e\000\040\000A\000v\000a\000i\000l\000a\000b\000i\000l\000i\000t\000y}{section.8}% 28
\BOOKMARK [1][-]{section.9}{\376\377\0009\000\040\000C\000o\000n\000c\000l\000u\000s\000i\000o\000n}{}% 29
\BOOKMARK [1][-]{section*.26}{\376\377\000A\000c\000k\000n\000o\000w\000l\000e\000d\000g\000m\000e\000n\000t\000s}{}% 30
\BOOKMARK [1][-]{section*.28}{\376\377\000R\000e\000f\000e\000r\000e\000n\000c\000e\000s}{}% 31
